// Jest Snapshot v1, https://goo.gl/fbAQLP

exports[`App Component matches the snapshot 1`] = `
<div>
  <h1>
    Authors' Haven
  </h1>
</div>
`;
